<div data-component-name="MyComponent" data-props="{&quot;myName&quot;:&quot;test&quot;,&quot;value&quot;:1}"></div>
