<script src="/packs/components/MyComponent.js" defer="defer"></script>
